Wed Nov 30 2022 22:03:05 GMT+0000 (Coordinated Universal Time)
